#![feature(prelude_import)]
#[prelude_import]
use std::prelude::rust_2021::*;
#[macro_use]
extern crate std;
use dynosaur;

trait MyTrait {
    type Item;
    async fn foo(&self)
    -> Self::Item;
}
trait ErasedMyTrait {
    type Item;
    fn foo(&self)
    -> Self::Item;
}

fn main() {}
